{
  "entities": [
    {
      "angleLength": 0.28231298336862665,
      "center": {
        "x": 650.0541823996996,
        "y": 347.5909732684974,
        "z": 0
      },
      "color": 0,
      "colorIndex": 0,
      "endAngle": 6.197231758053196,
      "extrusionDirectionX": 0,
      "extrusionDirectionY": 0,
      "extrusionDirectionZ": -1,
      "handle": "B484",
      "layer": "FG-Dtl-Dim",
      "lineType": "ByBlock",
      "lineweight": -2,
      "ownerHandle": "3706",
      "radius": 0.7604262403327394,
      "startAngle": 5.914918774684569,
      "type": "ARC"
    }
  ]
}
